// Jest Snapshot v1, https://goo.gl/fbAQLP

exports[`app/views/HomePage component stories Sample matches markup snapshot 1`] = `
<DocumentFragment>
  <div
    class="container"
  >
    <main
      class="main"
    >
      <h1
        class="title"
      >
        Welcome to 
        <a
          href="https://nextjs.org"
        >
          Next.js!
        </a>
      </h1>
      <p
        class="description"
      >
        Get started by editing 
        <code
          class="code"
        >
          app/views/HomePage/HomePage.tsx
        </code>
      </p>
      <div
        class="footer"
      >
        <figure
          class=""
        >
          <span
            style="box-sizing: border-box; display: inline-block; overflow: hidden; background: none; opacity: 1; border: 0px; margin: 0px; padding: 0px; position: relative; max-width: 100%;"
          >
            <span
              style="box-sizing: border-box; display: block; background: none; opacity: 1; border: 0px; margin: 0px; padding: 0px; max-width: 100%;"
            >
              <img
                alt=""
                aria-hidden="true"
                src="data:image/svg+xml,%3csvg%20xmlns=%27http://www.w3.org/2000/svg%27%20version=%271.1%27%20width=%2780%27%20height=%2748%27/%3e"
                style="display: block; max-width: 100%; background: none; opacity: 1; border: 0px; margin: 0px; padding: 0px;"
              />
            </span>
            <img
              alt="Next.js"
              aria-label="Next.js"
              data-nimg="intrinsic"
              decoding="async"
              src="data:image/gif;base64,R0lGODlhAQABAIAAAAAAAP///yH5BAEAAAAALAAAAAABAAEAAAIBRAA7"
              style="position: absolute; top: 0px; left: 0px; bottom: 0px; right: 0px; box-sizing: border-box; padding: 0px; margin: auto; display: block; width: 0px; height: 0px; min-width: 100%; max-width: 100%; min-height: 100%; max-height: 100%;"
              title="Next.js"
            />
            <noscript />
          </span>
        </figure>
      </div>
    </main>
  </div>
</DocumentFragment>
`;
