// Jest Snapshot v1, https://goo.gl/fbAQLP

exports[`api/controllers/PingController should respond with expected data 1`] = `
{
  "message": "Pong",
}
`;
